// Jest Snapshot v1, https://goo.gl/fbAQLP

exports[`StampCard renders correctly 1`] = `
<RNCSafeAreaProvider
  onInsetsChange={[Function]}
  style={
    Array [
      Object {
        "flex": 1,
      },
      undefined,
    ]
  }
>
  <View
    style={
      Object {
        "alignContent": "space-between",
        "flexDirection": "row",
        "flexWrap": "wrap",
        "justifyContent": "space-evenly",
      }
    }
  >
    <View
      style={
        Array [
          Object {},
        ]
      }
    >
      <View
        accessible={true}
        collapsable={false}
        focusable={true}
        onBlur={[Function]}
        onClick={[Function]}
        onFocus={[Function]}
        onHoverIn={[Function]}
        onHoverOut={[Function]}
        onResponderGrant={[Function]}
        onResponderMove={[Function]}
        onResponderRelease={[Function]}
        onResponderTerminate={[Function]}
        onResponderTerminationRequest={[Function]}
        onStartShouldSetResponder={[Function]}
        style={
          Array [
            Object {},
            Object {
              "backgroundColor": "#F8F8F8",
              "borderRadius": 20,
              "flexDirection": "column",
              "height": 175.00000000000003,
              "margin": 5,
              "padding": 0,
              "width": 175.00000000000003,
              "zIndex": 0,
            },
            Object {
              "alignItems": "center",
              "borderRadius": 20,
              "justifyContent": "center",
            },
          ]
        }
      >
        <Text
          allowFontScaling={false}
          fontSize="32px"
          lineHeight="32px"
          style={
            Array [
              Object {
                "color": "primary.600",
                "fontSize": 12,
              },
              Array [
                Object {
                  "color": "#0891b2",
                  "fontSize": 32,
                  "height": 32,
                  "lineHeight": 32,
                  "width": 32,
                },
              ],
              Object {
                "fontFamily": "Ionicons",
                "fontStyle": "normal",
                "fontWeight": "normal",
              },
              Object {},
            ]
          }
        >
          
        </Text>
      </View>
      <View
        alignItems="center"
        display="flex"
        justifyContent="center"
        style={
          Array [
            Object {
              "alignItems": "center",
              "display": "flex",
              "justifyContent": "center",
            },
          ]
        }
      />
    </View>
    <View
      p={5}
      style={
        Array [
          Object {
            "paddingBottom": 20,
            "paddingLeft": 20,
            "paddingRight": 20,
            "paddingTop": 20,
          },
          Object {
            "backgroundColor": "#F8F8F8",
            "borderRadius": 20,
            "flexDirection": "column",
            "height": 175.00000000000003,
            "margin": 5,
            "padding": 0,
            "width": 175.00000000000003,
            "zIndex": 0,
          },
          Object {
            "alignItems": "center",
            "backgroundColor": "#F8F8F8",
            "justifyContent": "center",
            "width": 385.0000000000001,
          },
        ]
      }
    >
      <Text
        color="secondary.400"
        fontFamily="body"
        fontSize="md"
        fontStyle="italic"
        fontWeight={400}
        style={
          Array [
            Object {
              "color": "#f472b6",
              "fontSize": 16,
              "fontStyle": "italic",
              "fontWeight": "400",
              "textAlign": "center",
            },
          ]
        }
        textAlign="center"
      >
        FINISH_CARD_TEXT
      </Text>
    </View>
  </View>
</RNCSafeAreaProvider>
`;
