// Jest Snapshot v1, https://goo.gl/fbAQLP

exports[`HomeScreenHeader renders correctly 1`] = `
<RNCSafeAreaProvider
  onInsetsChange={[Function]}
  style={
    Array [
      Object {
        "flex": 1,
      },
      undefined,
    ]
  }
>
  <View
    alignItems="flex-end"
    bg="white"
    flexDirection="row"
    justifyContent="space-between"
    marginBottom={10}
    px={2}
    style={
      Array [
        Object {
          "alignItems": "flex-end",
          "backgroundColor": "#FFFFFF",
          "flexDirection": "row",
          "justifyContent": "space-between",
          "marginBottom": 40,
          "paddingLeft": 8,
          "paddingRight": 8,
        },
      ]
    }
  >
    <Text
      color="muted.700"
      fontFamily="body"
      fontSize="xl"
      fontStyle="normal"
      fontWeight="bold"
      style={
        Array [
          Object {
            "color": "#404040",
            "fontSize": 20,
            "fontStyle": "normal",
            "fontWeight": "700",
          },
        ]
      }
    >
      APPTITLE
    </Text>
    <View
      style={
        Array [
          Object {},
        ]
      }
    />
    <View
      accessible={true}
      collapsable={false}
      focusable={true}
      onBlur={[Function]}
      onClick={[Function]}
      onFocus={[Function]}
      onHoverIn={[Function]}
      onHoverOut={[Function]}
      onResponderGrant={[Function]}
      onResponderMove={[Function]}
      onResponderRelease={[Function]}
      onResponderTerminate={[Function]}
      onResponderTerminationRequest={[Function]}
      onStartShouldSetResponder={[Function]}
      style={
        Array [
          Object {},
        ]
      }
      testID="pressableLogo"
    >
      <Image
        accessibilityLabel="heppiventlogo, click to open the website"
        alt="heppiventlogo, click to open the website"
        maxWidth="100%"
        onError={[Function]}
        source={
          Object {
            "testUri": "../../../src/image/logo.jpg",
          }
        }
        style={
          Array [
            Object {
              "maxWidth": "100%",
            },
            Object {
              "height": 50,
              "justifyContent": "center",
              "resizeMode": "stretch",
              "width": 120,
            },
          ]
        }
      />
    </View>
  </View>
</RNCSafeAreaProvider>
`;
